app/(storefront)/account/page.tsx(25,17): error TS2353: Object literal may only specify known properties, and 'items' does not exist in type '{ customer?: true | { columns?: { id?: boolean | undefined; firstName?: boolean | undefined; lastName?: boolean | undefined; email?: boolean | undefined; phone?: boolean | undefined; ... 4 more ...; updatedAt?: boolean | undefined; } | undefined; with?: { ...; } | undefined; extras?: Record<...> | ... 1 more ... | u...'.
app/(storefront)/account/page.tsx(72,30): error TS2339: Property 'items' does not exist on type '{ id: string; createdAt: Date; updatedAt: Date; customerId: string; status: string; orderNumber: string; idempotencyKey: string | null; source: string; subtotal: number; deliveryFee: number; ... 4 more ...; notes: string | null; }'.
app/(storefront)/actions.ts(11,36): error TS2769: No overload matches this call.
  Overload 1 of 2, '(value: { id: string | SQL<unknown> | Placeholder<string, any>; email: string | SQL<unknown> | Placeholder<string, any>; createdAt?: SQL<unknown> | Date | Placeholder<...> | undefined; source?: string | ... 3 more ... | undefined; isVerified?: boolean | ... 2 more ... | undefined; unsubscribed?: boolean | ... 2 more ... | undefined; }): PgInsertBase<...>', gave the following error.
    Argument of type '{ email: string; }' is not assignable to parameter of type '{ id: string | SQL<unknown> | Placeholder<string, any>; email: string | SQL<unknown> | Placeholder<string, any>; createdAt?: SQL<unknown> | Date | Placeholder<...> | undefined; source?: string | ... 3 more ... | undefined; isVerified?: boolean | ... 2 more ... | undefined; unsubscribed?: boolean | ... 2 more ... | u...'.
      Property 'id' is missing in type '{ email: string; }' but required in type '{ id: string | SQL<unknown> | Placeholder<string, any>; email: string | SQL<unknown> | Placeholder<string, any>; createdAt?: SQL<unknown> | Date | Placeholder<...> | undefined; source?: string | ... 3 more ... | undefined; isVerified?: boolean | ... 2 more ... | undefined; unsubscribed?: boolean | ... 2 more ... | u...'.
  Overload 2 of 2, '(values: { id: string | SQL<unknown> | Placeholder<string, any>; email: string | SQL<unknown> | Placeholder<string, any>; createdAt?: SQL<unknown> | Date | Placeholder<...> | undefined; source?: string | ... 3 more ... | undefined; isVerified?: boolean | ... 2 more ... | undefined; unsubscribed?: boolean | ... 2 more ... | undefined; }[]): PgInsertBase<...>', gave the following error.
    Object literal may only specify known properties, and 'email' does not exist in type '{ id: string | SQL<unknown> | Placeholder<string, any>; email: string | SQL<unknown> | Placeholder<string, any>; createdAt?: SQL<unknown> | Date | Placeholder<...> | undefined; source?: string | ... 3 more ... | undefined; isVerified?: boolean | ... 2 more ... | undefined; unsubscribed?: boolean | ... 2 more ... | u...'.
app/(storefront)/components/AnnouncementBar.tsx(1,112): error TS2305: Module '"@stemory/database"' has no exported member 'lte'.
app/(storefront)/components/AnnouncementBar.tsx(1,117): error TS2305: Module '"@stemory/database"' has no exported member 'gte'.
app/(storefront)/contact/actions.ts(17,37): error TS2769: No overload matches this call.
  Overload 1 of 2, '(value: { id: string | SQL<unknown> | Placeholder<string, any>; email: string | SQL<unknown> | Placeholder<string, any>; firstName: string | SQL<unknown> | Placeholder<...>; ... 5 more ...; status?: string | ... 2 more ... | undefined; }): PgInsertBase<...>', gave the following error.
    Argument of type '{ firstName: string; lastName: string; email: string; subject: string; message: string; }' is not assignable to parameter of type '{ id: string | SQL<unknown> | Placeholder<string, any>; email: string | SQL<unknown> | Placeholder<string, any>; firstName: string | SQL<unknown> | Placeholder<string, any>; ... 5 more ...; status?: string | ... 2 more ... | undefined; }'.
      Type '{ firstName: string; lastName: string; email: string; subject: string; message: string; }' is missing the following properties from type '{ id: string | SQL<unknown> | Placeholder<string, any>; email: string | SQL<unknown> | Placeholder<string, any>; firstName: string | SQL<unknown> | Placeholder<string, any>; ... 5 more ...; status?: string | ... 2 more ... | undefined; }': id, updatedAt
  Overload 2 of 2, '(values: { id: string | SQL<unknown> | Placeholder<string, any>; email: string | SQL<unknown> | Placeholder<string, any>; firstName: string | SQL<unknown> | Placeholder<...>; ... 5 more ...; status?: string | ... 2 more ... | undefined; }[]): PgInsertBase<...>', gave the following error.
    Object literal may only specify known properties, and 'firstName' does not exist in type '{ id: string | SQL<unknown> | Placeholder<string, any>; email: string | SQL<unknown> | Placeholder<string, any>; firstName: string | SQL<unknown> | Placeholder<string, any>; ... 5 more ...; status?: string | ... 2 more ... | undefined; }[]'.
app/(storefront)/shop/[id]/actions.ts(17,29): error TS2769: No overload matches this call.
  Overload 1 of 2, '(value: { id: string | SQL<unknown> | Placeholder<string, any>; updatedAt: SQL<unknown> | Date | Placeholder<string, any>; productId: string | SQL<unknown> | Placeholder<...>; ... 6 more ...; title?: string | ... 3 more ... | undefined; }): PgInsertBase<...>', gave the following error.
    Argument of type '{ productId: string; authorName: string; rating: number; title: string; content: string; status: string; }' is not assignable to parameter of type '{ id: string | SQL<unknown> | Placeholder<string, any>; updatedAt: SQL<unknown> | Date | Placeholder<string, any>; productId: string | SQL<unknown> | Placeholder<...>; ... 6 more ...; title?: string | ... 3 more ... | undefined; }'.
      Type '{ productId: string; authorName: string; rating: number; title: string; content: string; status: string; }' is missing the following properties from type '{ id: string | SQL<unknown> | Placeholder<string, any>; updatedAt: SQL<unknown> | Date | Placeholder<string, any>; productId: string | SQL<unknown> | Placeholder<...>; ... 6 more ...; title?: string | ... 3 more ... | undefined; }': id, updatedAt
  Overload 2 of 2, '(values: { id: string | SQL<unknown> | Placeholder<string, any>; updatedAt: SQL<unknown> | Date | Placeholder<string, any>; productId: string | SQL<unknown> | Placeholder<...>; ... 6 more ...; title?: string | ... 3 more ... | undefined; }[]): PgInsertBase<...>', gave the following error.
    Object literal may only specify known properties, and 'productId' does not exist in type '{ id: string | SQL<unknown> | Placeholder<string, any>; updatedAt: SQL<unknown> | Date | Placeholder<string, any>; productId: string | SQL<unknown> | Placeholder<...>; ... 6 more ...; title?: string | ... 3 more ... | undefined; }[]'.
app/(storefront)/shop/[id]/page.tsx(12,7): error TS2353: Object literal may only specify known properties, and 'categories' does not exist in type '{ reviews?: true | DBQueryConfig<"many", false, ExtractTablesWithRelations<{ auditLogRelations: Relations<"AuditLog", { user: One<"User", false>; }>; userRelations: Relations<"User", { auditLogs: Many<"AuditLog">; role: One<...>; }>; ... 65 more ...; announcement: PgTableWithColumns<...>; }>, { ...; }> | undefined; ...'.
app/(storefront)/shop/[id]/page.tsx(25,31): error TS2339: Property 'categories' does not exist on type '{ id: string; name: string; createdAt: Date; updatedAt: Date; description: string | null; basePrice: number; salePrice: number | null; images: string[] | null; isFeatured: boolean; isAvailable: boolean; status: string; processingEstimate: string | null; isCustomBuilder: boolean; }'.
app/(storefront)/shop/[id]/page.tsx(35,15): error TS2353: Object literal may only specify known properties, and 'categories' does not exist in type '{ reviews?: true | DBQueryConfig<"many", false, ExtractTablesWithRelations<{ auditLogRelations: Relations<"AuditLog", { user: One<"User", false>; }>; userRelations: Relations<"User", { auditLogs: Many<"AuditLog">; role: One<...>; }>; ... 65 more ...; announcement: PgTableWithColumns<...>; }>, { ...; }> | undefined; ...'.
app/admin/announcements/actions.ts(29,9): error TS2304: Cannot find name 'prisma'.
app/admin/announcements/actions.ts(71,9): error TS2304: Cannot find name 'prisma'.
app/admin/announcements/actions.ts(112,9): error TS2304: Cannot find name 'prisma'.
app/admin/announcements/actions.ts(118,9): error TS2304: Cannot find name 'prisma'.
app/admin/announcements/actions.ts(124,9): error TS2304: Cannot find name 'prisma'.
app/admin/announcements/actions.ts(130,9): error TS2304: Cannot find name 'prisma'.
app/admin/announcements/actions.ts(136,64): error TS2353: Object literal may only specify known properties, and 'id' does not exist in type 'SQL<unknown> | ((fields: { id: PgColumn<{ name: "id"; tableName: "Announcement"; dataType: "string"; columnType: "PgText"; data: string; driverParam: string; notNull: true; hasDefault: false; isPrimaryKey: true; ... 5 more ...; generated: undefined; }, {}, {}>; ... 40 more ...; archivedAt: PgColumn<...>; }, operator...'.
app/admin/announcements/actions.ts(139,9): error TS2304: Cannot find name 'prisma'.
app/admin/announcements/actions.ts(147,5): error TS2304: Cannot find name 'prisma'.
app/admin/announcements/actions.ts(171,11): error TS2304: Cannot find name 'prisma'.
app/admin/announcements/actions.ts(173,11): error TS2304: Cannot find name 'prisma'.
app/admin/categories/actions.ts(17,13): error TS2304: Cannot find name 'prisma'.
app/admin/categories/actions.ts(22,13): error TS2304: Cannot find name 'prisma'.
app/admin/categories/actions.ts(36,11): error TS2304: Cannot find name 'prisma'.
app/admin/categories/page.tsx(9,19): error TS2345: Argument of type 'void' is not assignable to parameter of type 'SQLWrapper | AnyColumn'.
app/admin/categories/page.tsx(10,5): error TS2322: Type '{ _count: { select: { products: true; }; }; }' is not assignable to type 'never'.
app/admin/categories/page.tsx(33,26): error TS2339: Property '_count' does not exist on type '{ id: string; name: string; }'.
app/admin/content/actions.ts(20,11): error TS2304: Cannot find name 'prisma'.
app/admin/content/actions.ts(40,11): error TS2304: Cannot find name 'prisma'.
app/admin/content/actions.ts(53,11): error TS2304: Cannot find name 'prisma'.
app/admin/content/page.tsx(10,20): error TS2304: Cannot find name 'createdAt'.
app/admin/custom-orders/page.tsx(10,20): error TS2304: Cannot find name 'createdAt'.
app/admin/customers/page.tsx(10,20): error TS2304: Cannot find name 'createdAt'.
app/admin/customers/page.tsx(11,5): error TS2322: Type '{ _count: { select: { orders: true; }; }; }' is not assignable to type 'never'.
app/admin/customers/page.tsx(41,24): error TS2339: Property '_count' does not exist on type '{ id: string; createdAt: Date; email: string | null; firstName: string; lastName: string; updatedAt: Date; phone: string; socialHandle: string | null; internalNote: string | null; riskFlag: boolean; }'.
app/admin/deliveries/page.tsx(10,19): error TS2345: Argument of type 'void' is not assignable to parameter of type 'SQLWrapper | AnyColumn'.
app/admin/finances/actions.ts(22,13): error TS2304: Cannot find name 'prisma'.
app/admin/finances/actions.ts(27,13): error TS2304: Cannot find name 'prisma'.
app/admin/finances/actions.ts(42,11): error TS2304: Cannot find name 'prisma'.
app/admin/inventory/page.tsx(10,19): error TS2345: Argument of type 'void' is not assignable to parameter of type 'SQLWrapper | AnyColumn'.
app/admin/layout.tsx(18,16): error TS2353: Object literal may only specify known properties, and 'clerkId' does not exist in type 'SQL<unknown> | ((fields: { id: PgColumn<{ name: "id"; tableName: "User"; dataType: "string"; columnType: "PgText"; data: string; driverParam: string; notNull: true; hasDefault: false; isPrimaryKey: true; isAutoincrement: false; ... 4 more ...; generated: undefined; }, {}, {}>; ... 6 more ...; updatedAt: PgColumn<......'.
app/admin/layout.tsx(22,15): error TS2339: Property 'role' does not exist on type '{ id: string; createdAt: Date; clerkId: string; email: string; firstName: string | null; lastName: string | null; roleId: string | null; updatedAt: Date; }'.
app/admin/materials/actions.ts(24,33): error TS2769: No overload matches this call.
  Overload 1 of 2, '(value: { id: string | SQL<unknown> | Placeholder<string, any>; name: string | SQL<unknown> | Placeholder<string, any>; updatedAt: SQL<unknown> | Date | Placeholder<...>; ... 4 more ...; supplierId?: string | ... 3 more ... | undefined; }): PgInsertBase<...>', gave the following error.
    Argument of type '{ id: `${string}-${string}-${string}-${string}-${string}`; name: string; quantity: number; cost: number | null; lowStockThreshold: number | null; }' is not assignable to parameter of type '{ id: string | SQL<unknown> | Placeholder<string, any>; name: string | SQL<unknown> | Placeholder<string, any>; updatedAt: SQL<unknown> | Date | Placeholder<...>; ... 4 more ...; supplierId?: string | ... 3 more ... | undefined; }'.
      Property 'updatedAt' is missing in type '{ id: `${string}-${string}-${string}-${string}-${string}`; name: string; quantity: number; cost: number | null; lowStockThreshold: number | null; }' but required in type '{ id: string | SQL<unknown> | Placeholder<string, any>; name: string | SQL<unknown> | Placeholder<string, any>; updatedAt: SQL<unknown> | Date | Placeholder<...>; ... 4 more ...; supplierId?: string | ... 3 more ... | undefined; }'.
  Overload 2 of 2, '(values: { id: string | SQL<unknown> | Placeholder<string, any>; name: string | SQL<unknown> | Placeholder<string, any>; updatedAt: SQL<unknown> | Date | Placeholder<...>; ... 4 more ...; supplierId?: string | ... 3 more ... | undefined; }[]): PgInsertBase<...>', gave the following error.
    Object literal may only specify known properties, and 'id' does not exist in type '{ id: string | SQL<unknown> | Placeholder<string, any>; name: string | SQL<unknown> | Placeholder<string, any>; updatedAt: SQL<unknown> | Date | Placeholder<...>; ... 4 more ...; supplierId?: string | ... 3 more ... | undefined; }[]'.
app/admin/orders/new/page.tsx(2,10): error TS2305: Module '"@stemory/database"' has no exported member 'PrismaClient'.
app/admin/orders/new/page.tsx(10,26): error TS2304: Cannot find name 'db'.
app/admin/orders/new/page.tsx(24,27): error TS2304: Cannot find name 'db'.
app/admin/orders/page.tsx(10,20): error TS2304: Cannot find name 'createdAt'.
app/admin/orders/page.tsx(11,5): error TS2322: Type '{ customer: true; items: true; }' is not assignable to type 'never'.
app/admin/orders/page.tsx(35,24): error TS2551: Property 'customer' does not exist on type '{ id: string; createdAt: Date; updatedAt: Date; customerId: string; status: string; orderNumber: string; idempotencyKey: string | null; source: string; subtotal: number; deliveryFee: number; ... 4 more ...; notes: string | null; }'. Did you mean 'customerId'?
app/admin/orders/page.tsx(35,47): error TS2551: Property 'customer' does not exist on type '{ id: string; createdAt: Date; updatedAt: Date; customerId: string; status: string; orderNumber: string; idempotencyKey: string | null; source: string; subtotal: number; deliveryFee: number; ... 4 more ...; notes: string | null; }'. Did you mean 'customerId'?
app/admin/page.tsx(10,91): error TS2769: No overload matches this call.
  Overload 1 of 3, '(left: PgColumn<{ name: "createdAt"; tableName: "Order"; dataType: "date"; columnType: "PgTimestamp"; data: Date; driverParam: string; notNull: true; hasDefault: true; isPrimaryKey: false; isAutoincrement: false; ... 4 more ...; generated: undefined; }, {}, {}>, right: Date | SQLWrapper): SQL<...>', gave the following error.
    Argument of type 'string' is not assignable to parameter of type 'Date | SQLWrapper'.
  Overload 2 of 3, '(left: Aliased<string>, right: string | SQLWrapper): SQL<unknown>', gave the following error.
    Argument of type 'PgColumn<{ name: "createdAt"; tableName: "Order"; dataType: "date"; columnType: "PgTimestamp"; data: Date; driverParam: string; notNull: true; hasDefault: true; isPrimaryKey: false; isAutoincrement: false; ... 4 more ...; generated: undefined; }, {}, {}>' is not assignable to parameter of type 'Aliased<string>'.
      Type 'PgColumn<{ name: "createdAt"; tableName: "Order"; dataType: "date"; columnType: "PgTimestamp"; data: Date; driverParam: string; notNull: true; hasDefault: true; isPrimaryKey: false; isAutoincrement: false; ... 4 more ...; generated: undefined; }, {}, {}>' is missing the following properties from type 'Aliased<string>': sql, fieldAlias
  Overload 3 of 3, '(left: never, right: unknown): SQL<unknown>', gave the following error.
    Argument of type 'PgColumn<{ name: "createdAt"; tableName: "Order"; dataType: "date"; columnType: "PgTimestamp"; data: Date; driverParam: string; notNull: true; hasDefault: true; isPrimaryKey: false; isAutoincrement: false; ... 4 more ...; generated: undefined; }, {}, {}>' is not assignable to parameter of type 'never'.
app/admin/page.tsx(23,81): error TS2769: No overload matches this call.
  Overload 1 of 3, '(left: PgColumn<{ name: "createdAt"; tableName: "Order"; dataType: "date"; columnType: "PgTimestamp"; data: Date; driverParam: string; notNull: true; hasDefault: true; isPrimaryKey: false; isAutoincrement: false; ... 4 more ...; generated: undefined; }, {}, {}>, right: Date | SQLWrapper): SQL<...>', gave the following error.
    Argument of type 'string' is not assignable to parameter of type 'Date | SQLWrapper'.
  Overload 2 of 3, '(left: Aliased<string>, right: string | SQLWrapper): SQL<unknown>', gave the following error.
    Argument of type 'PgColumn<{ name: "createdAt"; tableName: "Order"; dataType: "date"; columnType: "PgTimestamp"; data: Date; driverParam: string; notNull: true; hasDefault: true; isPrimaryKey: false; isAutoincrement: false; ... 4 more ...; generated: undefined; }, {}, {}>' is not assignable to parameter of type 'Aliased<string>'.
      Type 'PgColumn<{ name: "createdAt"; tableName: "Order"; dataType: "date"; columnType: "PgTimestamp"; data: Date; driverParam: string; notNull: true; hasDefault: true; isPrimaryKey: false; isAutoincrement: false; ... 4 more ...; generated: undefined; }, {}, {}>' is missing the following properties from type 'Aliased<string>': sql, fieldAlias
  Overload 3 of 3, '(left: never, right: unknown): SQL<unknown>', gave the following error.
    Argument of type 'PgColumn<{ name: "createdAt"; tableName: "Order"; dataType: "date"; columnType: "PgTimestamp"; data: Date; driverParam: string; notNull: true; hasDefault: true; isPrimaryKey: false; isAutoincrement: false; ... 4 more ...; generated: undefined; }, {}, {}>' is not assignable to parameter of type 'never'.
app/admin/page.tsx(64,109): error TS2769: No overload matches this call.
  Overload 1 of 3, '(left: PgColumn<{ name: "createdAt"; tableName: "Order"; dataType: "date"; columnType: "PgTimestamp"; data: Date; driverParam: string; notNull: true; hasDefault: true; isPrimaryKey: false; isAutoincrement: false; ... 4 more ...; generated: undefined; }, {}, {}>, right: Date | SQLWrapper): SQL<...>', gave the following error.
    Argument of type 'string' is not assignable to parameter of type 'Date | SQLWrapper'.
  Overload 2 of 3, '(left: Aliased<string>, right: string | SQLWrapper): SQL<unknown>', gave the following error.
    Argument of type 'PgColumn<{ name: "createdAt"; tableName: "Order"; dataType: "date"; columnType: "PgTimestamp"; data: Date; driverParam: string; notNull: true; hasDefault: true; isPrimaryKey: false; isAutoincrement: false; ... 4 more ...; generated: undefined; }, {}, {}>' is not assignable to parameter of type 'Aliased<string>'.
      Type 'PgColumn<{ name: "createdAt"; tableName: "Order"; dataType: "date"; columnType: "PgTimestamp"; data: Date; driverParam: string; notNull: true; hasDefault: true; isPrimaryKey: false; isAutoincrement: false; ... 4 more ...; generated: undefined; }, {}, {}>' is missing the following properties from type 'Aliased<string>': sql, fieldAlias
  Overload 3 of 3, '(left: never, right: unknown): SQL<unknown>', gave the following error.
    Argument of type 'PgColumn<{ name: "createdAt"; tableName: "Order"; dataType: "date"; columnType: "PgTimestamp"; data: Date; driverParam: string; notNull: true; hasDefault: true; isPrimaryKey: false; isAutoincrement: false; ... 4 more ...; generated: undefined; }, {}, {}>' is not assignable to parameter of type 'never'.
app/admin/products/[id]/page.tsx(10,14): error TS2353: Object literal may only specify known properties, and 'id' does not exist in type 'SQL<unknown> | ((fields: { id: PgColumn<{ name: "id"; tableName: "Product"; dataType: "string"; columnType: "PgText"; data: string; driverParam: string; notNull: true; hasDefault: false; isPrimaryKey: true; isAutoincrement: false; ... 4 more ...; generated: undefined; }, {}, {}>; ... 11 more ...; updatedAt: PgColumn...'.
app/admin/products/[id]/page.tsx(14,70): error TS2345: Argument of type 'void' is not assignable to parameter of type 'SQLWrapper | AnyColumn'.
app/admin/products/actions.ts(44,13): error TS2304: Cannot find name 'prisma'.
app/admin/products/actions.ts(46,13): error TS2304: Cannot find name 'prisma'.
app/admin/products/actions.ts(59,13): error TS2304: Cannot find name 'prisma'.
app/admin/products/actions.ts(84,11): error TS2304: Cannot find name 'prisma'.
app/admin/products/new/page.tsx(9,70): error TS2345: Argument of type 'void' is not assignable to parameter of type 'SQLWrapper | AnyColumn'.
app/admin/products/page.tsx(11,20): error TS2304: Cannot find name 'createdAt'.
app/admin/promotions/actions.ts(22,13): error TS2304: Cannot find name 'prisma'.
app/admin/promotions/actions.ts(27,13): error TS2304: Cannot find name 'prisma'.
app/admin/promotions/actions.ts(42,11): error TS2304: Cannot find name 'prisma'.
app/admin/promotions/actions.ts(64,13): error TS2304: Cannot find name 'prisma'.
app/admin/promotions/actions.ts(69,13): error TS2304: Cannot find name 'prisma'.
app/admin/promotions/actions.ts(84,11): error TS2304: Cannot find name 'prisma'.
app/admin/promotions/page.tsx(10,20): error TS2304: Cannot find name 'createdAt'.
app/admin/promotions/page.tsx(14,20): error TS2304: Cannot find name 'createdAt'.
app/admin/reports/page.tsx(10,20): error TS2304: Cannot find name 'createdAt'.
app/admin/reports/page.tsx(11,5): error TS2322: Type 'number' is not assignable to type 'never'.
app/admin/reviews/actions.ts(9,26): error TS2304: Cannot find name 'prisma'.
app/admin/reviews/actions.ts(24,26): error TS2304: Cannot find name 'prisma'.
app/admin/reviews/actions.ts(39,26): error TS2304: Cannot find name 'prisma'.
app/admin/reviews/page.tsx(9,20): error TS2304: Cannot find name 'createdAt'.
app/admin/reviews/page.tsx(10,5): error TS2322: Type '{ product: true; }' is not assignable to type 'never'.
app/admin/reviews/page.tsx(38,24): error TS2551: Property 'product' does not exist on type '{ id: string; createdAt: Date; updatedAt: Date; customerId: string | null; status: string; productId: string; authorName: string; rating: number; title: string | null; content: string; }'. Did you mean 'productId'?
app/admin/settings/actions.ts(10,11): error TS2304: Cannot find name 'prisma'.
app/admin/settings/actions.ts(12,11): error TS2304: Cannot find name 'prisma'.
app/admin/waitlist/page.tsx(8,20): error TS2304: Cannot find name 'createdAt'.
